+ cd /home/user/kara
+ cargo rustc -p karac-runtime --release --no-default-features --features net --crate-type staticlib
+ tail -3
   Compiling karac-runtime v0.1.0 (/home/user/kara/runtime)
    Finished `release` profile [optimized] target(s) in 24.20s
+ cp target/release/libkarac_runtime.a target/release/libkarac_runtime_min.a
+ cargo rustc -p karac-runtime --release --crate-type staticlib
+ tail -3
   Compiling tokio-rustls v0.26.4
   Compiling karac-runtime v0.1.0 (/home/user/kara/runtime)
    Finished `release` profile [optimized] target(s) in 56.25s
+ cargo rustc -p karac-runtime --release --features unicode --crate-type staticlib
+ tail -3
   Compiling tokio-rustls v0.26.4
   Compiling karac-runtime v0.1.0 (/home/user/kara/runtime)
    Finished `release` profile [optimized] target(s) in 46.18s
+ cp target/release/libkarac_runtime.a target/release/libkarac_runtime_unicode.a
+ cargo rustc -p karac-runtime --release --crate-type staticlib
+ tail -3
    Finished `release` profile [optimized] target(s) in 0.11s
+ ls -la target/release/libkarac_runtime.a target/release/libkarac_runtime_min.a target/release/libkarac_runtime_unicode.a
-rw-r--r-- 2 root root 20051358 Sep 17 04:41 target/release/libkarac_runtime.a
-rw-r--r-- 1 root root 11622414 Sep 17 04:40 target/release/libkarac_runtime_min.a
-rw-r--r-- 1 root root 20210562 Sep 17 04:42 target/release/libkarac_runtime_unicode.a
+ nm target/release/libkarac_runtime_unicode.a
+ grep -c 'T karac_unicode_'
1
+ echo 'ARCHIVES DONE'
ARCHIVES DONE
