+ bash scripts/disk-guard.sh allowance
DISK: used=29G avail=7G allowance=36G (df's 'size' column is the host volume — ignore it)
+ echo '### fmt'
### fmt
+ cargo fmt --all -- --check
+ echo 'fmt OK'
fmt OK
+ echo '### clippy default'
### clippy default
+ cargo clippy --all --all-targets -- -D warnings
   Compiling karac v0.1.0 (/home/user/kara)
    Checking kara-lsp v0.1.0 (/home/user/kara/lsp)
    Checking karac-kernel v0.1.0 (/home/user/kara/kernel)
    Checking karac-playground v0.1.0 (/home/user/kara/playground)
    Finished `dev` profile [unoptimized + debuginfo] target(s) in 47.81s
+ echo 'clippy-default OK'
clippy-default OK
+ cargo clean -p karac
     Removed 7583 files, 16.5GiB total
+ echo '### clippy llvm'
### clippy llvm
+ cargo clippy --all --all-targets --features llvm -- -D warnings
   Compiling karac v0.1.0 (/home/user/kara)
    Checking kara-lsp v0.1.0 (/home/user/kara/lsp)
    Checking karac-playground v0.1.0 (/home/user/kara/playground)
    Checking karac-kernel v0.1.0 (/home/user/kara/kernel)
    Finished `dev` profile [unoptimized + debuginfo] target(s) in 1m 23s
+ echo 'clippy-llvm OK'
clippy-llvm OK
+ cargo clean -p karac
     Removed 1244 files, 754.0MiB total
+ bash scripts/disk-guard.sh allowance
DISK: used=14G avail=22G allowance=36G (df's 'size' column is the host volume — ignore it)
+ echo '### test default'
### test default
+ CARGO_PROFILE_TEST_DEBUG=line-tables-only
+ cargo test
+ tail -40
test nested_dirs_produce_dotted_paths ... ok
test no_entry_file_is_none ... ok
test permissive_walker_keeps_unknown_trailing_underscore_as_module_name ... ok
test nested_test_file_companions_its_sibling ... ok
test platform_file_overrides_shared_on_matching_target ... ok
test reported_src_dir_is_project_root_slash_src ... ok
test result_is_sorted_by_file_path ... ok
test shared_file_is_fallback_off_target ... ok
test src_dir_missing_errors ... ok
test sibling_module_file_alongside_subdir ... ok
test test_files_excluded_under_build_mode ... ok
test test_files_included_when_requested ... ok
test two_shared_files_same_path_would_error ... ok
test walk_examples_discovers_single_file_examples ... ok
test walk_examples_empty_when_no_examples_dir ... ok
test walk_examples_discovers_project_style_examples ... ok
test walk_examples_result_is_sorted ... ok
test walk_examples_ignores_project_dir_without_src_main ... ok
test walk_examples_mixes_single_and_project_styles ... ok

test result: ok. 28 passed; 0 failed; 0 ignored; 0 measured; 0 filtered out; finished in 0.01s

     Running tests/wasm_codegen.rs (target/debug/deps/wasm_codegen-29b3aec4ed51d8a3)

running 0 tests

test result: ok. 0 passed; 0 failed; 0 ignored; 0 measured; 0 filtered out; finished in 0.00s

     Running tests/ws_framing.rs (target/debug/deps/ws_framing-eb90329ba72d21e2)

running 0 tests

test result: ok. 0 passed; 0 failed; 0 ignored; 0 measured; 0 filtered out; finished in 0.00s

   Doc-tests karac

running 0 tests

test result: ok. 0 passed; 0 failed; 0 ignored; 0 measured; 0 filtered out; finished in 0.00s

+ echo default-done
default-done
+ cargo clean -p karac
     Removed 4874 files, 8.4GiB total
+ bash scripts/disk-guard.sh allowance
DISK: used=14G avail=22G allowance=36G (df's 'size' column is the host volume — ignore it)
+ echo '### test llvm'
### test llvm
+ CARGO_PROFILE_TEST_DEBUG=line-tables-only
+ cargo test --features llvm
+ tail -60
test nested_dirs_produce_dotted_paths ... ok
test no_entry_file_is_none ... ok
test permissive_walker_keeps_unknown_trailing_underscore_as_module_name ... ok
test reported_src_dir_is_project_root_slash_src ... ok
test platform_file_overrides_shared_on_matching_target ... ok
test result_is_sorted_by_file_path ... ok
test src_dir_missing_errors ... ok
test shared_file_is_fallback_off_target ... ok
test sibling_module_file_alongside_subdir ... ok
test test_files_excluded_under_build_mode ... ok
test two_shared_files_same_path_would_error ... ok
test test_files_included_when_requested ... ok
test walk_examples_discovers_project_style_examples ... ok
test walk_examples_discovers_single_file_examples ... ok
test walk_examples_empty_when_no_examples_dir ... ok
test walk_examples_ignores_project_dir_without_src_main ... ok
test walk_examples_result_is_sorted ... ok
test walk_examples_mixes_single_and_project_styles ... ok

test result: ok. 28 passed; 0 failed; 0 ignored; 0 measured; 0 filtered out; finished in 0.00s

     Running tests/wasm_codegen.rs (target/debug/deps/wasm_codegen-79a9950df022d402)

running 6 tests
test wasm_codegen_tests::wasm_target_keeps_explicit_par_block_lowering ... ok
test wasm_codegen_tests::wasm_f16_vector_lane_arithmetic_rounds_per_lane ... ok
test wasm_codegen_tests::wasm_f16_arithmetic_rounds_through_an_unfoldable_call ... ok
test wasm_codegen_tests::wasm_f16_math_intrinsics_are_widened_and_rounded ... ok
test wasm_codegen_tests::wasm_target_skips_auto_par_fan_out ... ok
test wasm_codegen_tests::wasm_threaded_pass_emits_auto_par_fan_out ... ok

test result: ok. 6 passed; 0 failed; 0 ignored; 0 measured; 0 filtered out; finished in 0.19s

     Running tests/ws_framing.rs (target/debug/deps/ws_framing-193674320628bcb2)

running 15 tests
test ws_codegen_tests::test_ir_tcplistener_by_value_param_uses_struct_type ... ok
test ws_codegen_tests::test_ir_websocket_accept_ffi_declared ... ok
test ws_codegen_tests::test_ir_tcpstream_by_value_param_uses_struct_type ... ok
test ws_codegen_tests::test_ir_websocket_accept_parks_then_calls_runtime_ffi ... ok
test ws_codegen_tests::test_ir_websocket_binary_ffis_declared ... ok
test ws_codegen_tests::test_ir_websocket_masked_send_ffis_declared ... ok
test ws_codegen_tests::test_ir_websocket_by_value_param_uses_struct_type ... ok
test ws_codegen_tests::test_ir_websocket_drop_wrapper_emitted ... ok
test ws_codegen_tests::test_ir_websocket_runtime_ffis_declared ... ok
test ws_codegen_tests::test_ir_websocket_recv_text_dispatches_to_runtime_ffi ... ok
test ws_codegen_tests::test_ir_websocket_recv_binary_dispatches_to_runtime_ffi ... ok
test ws_codegen_tests::test_ir_websocket_send_binary_dispatches_to_runtime_ffi ... ok
test ws_codegen_tests::test_ir_websocket_send_text_masked_dispatches_to_runtime_ffi ... ok
test ws_codegen_tests::test_ir_websocket_send_text_dispatches_to_runtime_ffi ... ok
test ws_codegen_tests::test_ir_websocket_send_binary_masked_dispatches_to_runtime_ffi ... ok

test result: ok. 15 passed; 0 failed; 0 ignored; 0 measured; 0 filtered out; finished in 0.23s

   Doc-tests karac

running 0 tests

test result: ok. 0 passed; 0 failed; 0 ignored; 0 measured; 0 filtered out; finished in 0.00s

+ echo llvm-done
llvm-done
+ bash scripts/disk-guard.sh allowance
DISK: used=29G avail=7G allowance=36G (df's 'size' column is the host volume — ignore it)
+ echo 'ALL GATES DONE'
ALL GATES DONE
